
> cf-truth-frontend@0.1.0 test
> vitest run --environment jsdom


[1m[30m[46m RUN [49m[39m[22m [36mv4.1.4 [39m[90mC:/Users/dlarson/VSCode Environment/Agentic AI/CF_Truth/frontend[39m

[90mstdout[2m | src/components/chat/AssistantTurnCard.test.tsx[2m > [22m[2mAssistantTurnCard browser artifact rendering[2m > [22m[2mclient renders image from _screenshotDataUrl when available
[22m[39m[EdgeClaw] Using server-normalized _screenshotDataUrl
[EdgeClaw] Rendering screenshot from extracted data URL

[90mstdout[2m | src/components/chat/AssistantTurnCard.test.tsx[2m > [22m[2mAssistantTurnCard browser artifact rendering[2m > [22m[2mclient does not display _screenshotDataUrl in visible text
[22m[39m[EdgeClaw] Using server-normalized _screenshotDataUrl
[EdgeClaw] Rendering screenshot from extracted data URL

 [31mΓ¥»[39m src/components/chat/AssistantTurnCard.test.tsx [2m([22m[2m6 tests[22m[2m | [22m[31m3 failed[39m[2m)[22m[33m 827[2mms[22m[39m
     [32mΓ£ô[39m browser enabled + no tool call => no screenshot claim[32m 80[2mms[22m[39m
     [32mΓ£ô[39m browser enabled + tool returns screenshot => inline image renders in timeline[32m 233[2mms[22m[39m
     [32mΓ£ô[39m browser enabled + tool returns no image => inline warning state renders[32m 20[2mms[22m[39m
[31m     [31m├ù[31m client renders image from _screenshotDataUrl when available[39m[33m 410[2mms[22m[39m
[31m     [31m├ù[31m client does not display _screenshotDataUrl in visible text[39m[32m 32[2mms[22m[39m
[31m     [31m├ù[31m fallback to artifact.url when _screenshotDataUrl not available[39m[32m 48[2mms[22m[39m

ΓÄ»ΓÄ»ΓÄ»ΓÄ»ΓÄ»ΓÄ»ΓÄ» Failed Tests 3 ΓÄ»ΓÄ»ΓÄ»ΓÄ»ΓÄ»ΓÄ»ΓÄ»

 FAIL  src/components/chat/AssistantTurnCard.test.tsx > AssistantTurnCard browser artifact rendering > client renders image from _screenshotDataUrl when available
TestingLibraryElementError: Unable to find an accessible element with the role "img" and name "Browser screenshot preview"

Here are the accessible roles:

  article:

  Name "Assistant turn":
  <article
    aria-label="Assistant turn"
    class="assistant-turn-card status-done"
  />

  --------------------------------------------------
  status:

  Name "":
  <header
    aria-atomic="true"
    aria-live="polite"
    class="turn-status-header"
    id="turn-status-turn-1"
    role="status"
  />

  --------------------------------------------------
  strong:

  Name "":
  <strong
    class="turn-status-actor"
  />

  --------------------------------------------------
  region:

  Name "Reasoning summary":
  <section
    aria-label="Reasoning summary"
    class="turn-collapsible-card"
  />

  Name "Reasoning":
  <div
    aria-labelledby="reasoning-toggle-turn-1"
    class="turn-collapsible-body"
    id="reasoning-panel-turn-1"
    role="region"
  />

  Name "Activity timeline":
  <section
    aria-label="Activity timeline"
    class="turn-collapsible-card"
  />

  Name "Activity":
  <div
    aria-labelledby="activity-toggle-turn-1"
    class="turn-collapsible-body"
    id="activity-panel-turn-1"
    role="region"
  />

  Name "Assistant response":
  <section
    aria-label="Assistant response"
    aria-live="off"
    class="assistant-answer-body"
    role="region"
  />

  --------------------------------------------------
  button:

  Name "Reasoning":
  <button
    aria-controls="reasoning-panel-turn-1"
    aria-expanded="false"
    class="turn-collapsible-toggle"
    id="reasoning-toggle-turn-1"
    type="button"
  />

  Name "Activity":
  <button
    aria-controls="activity-panel-turn-1"
    aria-expanded="false"
    class="turn-collapsible-toggle"
    id="activity-toggle-turn-1"
    type="button"
  />

  --------------------------------------------------
  paragraph:

  Name "":
  <p
    class="turn-empty"
  />

  Name "":
  <p
    class="turn-empty"
  />

  --------------------------------------------------article:

  Name "Assistant turn":
  <article
    aria-label="Assistant turn"
    class="assistant-turn-card status-done"
  />

  Name "":
  <article
    class="browser-artifact-card status-image"
  />

  --------------------------------------------------
  status:

  Name "":
  <header
    aria-atomic="true"
    aria-live="polite"
    class="turn-status-header"
    id="turn-status-turn-1"
    role="status"
  />

  --------------------------------------------------
  strong:

  Name "":
  <strong
    class="turn-status-actor"
  />

  Name "":
  <strong />

  --------------------------------------------------
  region:

  Name "Reasoning summary":
  <section
    aria-label="Reasoning summary"
    class="turn-collapsible-card"
  />

  Name "Reasoning":
  <div
    aria-labelledby="reasoning-toggle-turn-1"
    class="turn-collapsible-body"
    id="reasoning-panel-turn-1"
    role="region"
  />

  Name "Activity timeline":
  <section
    aria-label="Activity timeline"
    class="turn-collapsible-card"
  />

  Name "Activity":
  <div
    aria-labelledby="activity-toggle-turn-1"
    class="turn-collapsible-body"
    id="activity-panel-turn-1"
    role="region"
  />

  Name "Assistant response":
  <section
    aria-label="Assistant response"
    aria-live="off"
    class="assistant-answer-body"
    role="region"
  />

  Name "Browser artifacts":
  <section
    aria-label="Browser artifacts"
    class="browser-artifact-section"
  />

  --------------------------------------------------
  button:

  Name "Reasoning":
  <button
    aria-controls="reasoning-panel-turn-1"
    aria-expanded="false"
    class="turn-collapsible-toggle"
    id="reasoning-toggle-turn-1"
    type="button"
  />

  Name "Activity":
  <button
    aria-controls="activity-panel-turn-1"
    aria-expanded="false"
    class="turn-collapsible-toggle"
    id="activity-toggle-turn-1"
    type="button"
  />

  --------------------------------------------------
  paragraph:

  Name "":
  <p
    class="turn-empty"
  />

  Name "":
  <p />

  Name "":
  <p />

  Name "":
  <p />

  --------------------------------------------------
  list:

  Name "Assistant activity steps":
  <ol
    aria-label="Assistant activity steps"
    class="activity-rail"
  />

  --------------------------------------------------
  listitem:

  Name "":
  <li
    class="activity-step status-completed"
  />

  --------------------------------------------------
  img:

  Name "Homepage screenshot":
  <img
    alt="Homepage screenshot"
    class="browser-artifact-preview"
    src="https://cdn.example.com/screenshot.png"
  />

  --------------------------------------------------
  contentinfo:

  Name "":
  <footer
    class="assistant-turn-footer"
  />

  --------------------------------------------------article:

  Name "Assistant turn":
  <article
    aria-label="Assistant turn"
    class="assistant-turn-card status-done"
  />

  Name "":
  <article
    class="browser-artifact-card status-warning"
  />

  --------------------------------------------------
  status:

  Name "":
  <header
    aria-atomic="true"
    aria-live="polite"
    class="turn-status-header"
    id="turn-status-turn-1"
    role="status"
  />

  --------------------------------------------------
  strong:

  Name "":
  <strong
    class="turn-status-actor"
  />

  Name "":
  <strong />

  --------------------------------------------------
  region:

  Name "Reasoning summary":
  <section
    aria-label="Reasoning summary"
    class="turn-collapsible-card"
  />

  Name "Reasoning":
  <div
    aria-labelledby="reasoning-toggle-turn-1"
    class="turn-collapsible-body"
    id="reasoning-panel-turn-1"
    role="region"
  />

  Name "Activity timeline":
  <section
    aria-label="Activity timeline"
    class="turn-collapsible-card"
  />

  Name "Activity":
  <div
    aria-labelledby="activity-toggle-turn-1"
    class="turn-collapsible-body"
    id="activity-panel-turn-1"
    role="region"
  />

  Name "Assistant response":
  <section
    aria-label="Assistant response"
    aria-live="off"
    class="assistant-answer-body"
    role="region"
  />

  Name "Browser artifacts":
  <section
    aria-label="Browser artifacts"
    class="browser-artifact-section"
  />

  --------------------------------------------------
  button:

  Name "Reasoning":
  <button
    aria-controls="reasoning-panel-turn-1"
    aria-expanded="false"
    class="turn-collapsible-toggle"
    id="reasoning-toggle-turn-1"
    type="button"
  />

  Name "Activity":
  <button
    aria-controls="activity-panel-turn-1"
    aria-expanded="false"
    class="turn-collapsible-toggle"
    id="activity-toggle-turn-1"
    type="button"
  />

  --------------------------------------------------
  paragraph:

  Name "":
  <p
    class="turn-empty"
  />

  Name "":
  <p />

  --------------------------------------------------
  list:

  Name "Assistant activity steps":
  <ol
    aria-label="Assistant activity steps"
    class="activity-rail"
  />

  --------------------------------------------------
  listitem:

  Name "":
  <li
    class="activity-step status-completed"
  />

  --------------------------------------------------
  group:

  Name "":
  <details
    class="browser-artifact-debug"
  />

  --------------------------------------------------
  contentinfo:

  Name "":
  <footer
    class="assistant-turn-footer"
  />

  --------------------------------------------------article:

  Name "Assistant turn":
  <article
    aria-label="Assistant turn"
    class="assistant-turn-card status-done"
  />

  Name "":
  <article
    class="browser-artifact-card status-image"
  />

  --------------------------------------------------
  status:

  Name "":
  <header
    aria-atomic="true"
    aria-live="polite"
    class="turn-status-header"
    id="turn-status-turn-1"
    role="status"
  />

  --------------------------------------------------
  strong:

  Name "":
  <strong
    class="turn-status-actor"
  />

  Name "":
  <strong />

  --------------------------------------------------
  region:

  Name "Reasoning summary":
  <section
    aria-label="Reasoning summary"
    class="turn-collapsible-card"
  />

  Name "Reasoning":
  <div
    aria-labelledby="reasoning-toggle-turn-1"
    class="turn-collapsible-body"
    id="reasoning-panel-turn-1"
    role="region"
  />

  Name "Activity timeline":
  <section
    aria-label="Activity timeline"
    class="turn-collapsible-card"
  />

  Name "Activity":
  <div
    aria-labelledby="activity-toggle-turn-1"
    class="turn-collapsible-body"
    id="activity-panel-turn-1"
    role="region"
  />

  Name "Assistant response":
  <section
    aria-label="Assistant response"
    aria-live="off"
    class="assistant-answer-body"
    role="region"
  />

  Name "Browser artifacts":
  <section
    aria-label="Browser artifacts"
    class="browser-artifact-section"
  />

  --------------------------------------------------
  button:

  Name "Reasoning":
  <button
    aria-controls="reasoning-panel-turn-1"
    aria-expanded="false"
    class="turn-collapsible-toggle"
    id="reasoning-toggle-turn-1"
    type="button"
  />

  Name "Activity":
  <button
    aria-controls="activity-panel-turn-1"
    aria-expanded="false"
    class="turn-collapsible-toggle"
    id="activity-toggle-turn-1"
    type="button"
  />

  --------------------------------------------------
  paragraph:

  Name "":
  <p
    class="turn-empty"
  />

  Name "":
  <p />

  Name "":
  <p />

  --------------------------------------------------
  list:

  Name "Assistant activity steps":
  <ol
    aria-label="Assistant activity steps"
    class="activity-rail"
  />

  --------------------------------------------------
  listitem:

  Name "":
  <li
    class="activity-step status-completed"
  />

  --------------------------------------------------
  img:

  Name "Screenshot from data URL":
  <img
    alt="Screenshot from data URL"
    class="browser-artifact-preview"
    src="data:image/png;base64,iVBORw0KGgoAAAANSUhEUgAAAAEAAAABCAYAAAAfFcSJAAAADUlEQVR42mNk+M9QDwADhgGAWjR9awAAAABJRU5ErkJggg=="
  />

  --------------------------------------------------
  group:

  Name "":
  <details
    class="browser-artifact-debug"
  />

  --------------------------------------------------
  contentinfo:

  Name "":
  <footer
    class="assistant-turn-footer"
  />

  --------------------------------------------------

Ignored nodes: comments, script, style
<body>
  <div>
    <article
      aria-label="Assistant turn"
      class="assistant-turn-card status-done"
    >
      <header
        aria-atomic="true"
        aria-live="polite"
        class="turn-status-header"
        id="turn-status-turn-1"
        role="status"
      >
        <div
          class="turn-status-left"
        >
          <span
            aria-hidden="true"
            class="turn-status-icon status-done"
          />
          <span
            aria-hidden="true"
            class="turn-status-dot status-done"
          />
          <strong
            class="turn-status-actor"
          >
            Assistant
          </strong>
          <span
            aria-hidden="true"
            class="turn-status-divider"
          >
            ┬╖
          </span>
          <span
            class="turn-status-label status-done"
          >
            Done
          </span>
          <span
            class="sr-only"
          >
            Assistant status: 
            Done
          </span>
        </div>
      </header>
      <section
        aria-label="Reasoning summary"
        class="turn-collapsible-card"
      >
        <button
          aria-controls="reasoning-panel-turn-1"
          aria-expanded="false"
          class="turn-collapsible-toggle"
          id="reasoning-toggle-turn-1"
          type="button"
        >
          <span
            class="turn-collapsible-title-wrap"
          >
            <span
              class="turn-collapsible-title"
            >
              Reasoning
            </span>
          </span>
          <span
            aria-hidden="true"
            class="turn-caret"
          >
            Γû╛
          </span>
        </button>
        <div
          aria-labelledby="reasoning-toggle-turn-1"
          class="turn-collapsible-body"
          id="reasoning-panel-turn-1"
          role="region"
        >
          <div
            class="turn-collapsible-content"
          >
            <p
              class="turn-empty"
            >
              The assistant has not published reasoning updates yet.
            </p>
          </div>
        </div>
      </section>
      <section
        aria-label="Activity timeline"
        class="turn-collapsible-card"
      >
        <button
          aria-controls="activity-panel-turn-1"
          aria-expanded="false"
          class="turn-collapsible-toggle"
          id="activity-toggle-turn-1"
          type="button"
        >
          <span
            class="turn-collapsible-title-wrap"
          >
            <span
              class="turn-collapsible-title"
            >
              Activity
            </span>
          </span>
          <span
            aria-hidden="true"
            class="turn-caret"
          >
            Γû╛
          </span>
        </button>
        <div
          aria-labelledby="activity-toggle-turn-1"
          class="turn-collapsible-body"
          id="activity-panel-turn-1"
          role="region"
        >
          <div
            class="turn-collapsible-content"
          >
            <p
              class="turn-empty"
            >
              No activity has been recorded for this turn yet.
            </p>
          </div>
        </div>
      </section>
      <section
        aria-label="Assistant response"
        aria-live="off"
        class="assistant-answer-body"
        role="region"
      >
        <div
          class="message-content"
        >
          Completed response.
        </div>
      </section>
    </article>
  </div>
  <div>
    <article
      aria-label="Assistant turn"
      class="assistant-turn-card status-done"
    >
      <header
        aria-atomic="true"
        aria-live="polite"
        class="turn-status-header"
        id="turn-status-turn-1"
        role="status"
      >
        <div
          class="turn-status-left"
        >
          <span
            aria-hidden="true"
            class="turn-status-icon status-done"
          />
          <span
            aria-hidden="true"
            class="turn-status-dot status-done"
          />
          <strong
            class="turn-status-actor"
          >
            Assistant
          </strong>
          <span
            aria-hidden="true"
            class="turn-status-divider"
          >
            ┬╖
          </span>
          <span
            class="turn-status-label status-done"
          >
      ...
 Γ¥» Object.getElementError node_modules/@testing-library/dom/dist/config.js:37:19
 Γ¥» node_modules/@testing-library/dom/dist/query-helpers.js:76:38
 Γ¥» node_modules/@testing-library/dom/dist/query-helpers.js:52:17
 Γ¥» node_modules/@testing-library/dom/dist/query-helpers.js:95:19
 Γ¥» src/components/chat/AssistantTurnCard.test.tsx:167:24
    165|
    166|     expect(screen.getAllByText("Screenshot preview").length).toBeGreatΓÇª
    167|     const img = screen.getByRole("img", { name: "Browser screenshot prΓÇª
       |                        ^
    168|     expect(img).toHaveAttribute("src", screenshotDataUrl);
    169|     expect(screen.getByText("Raw tool metadata")).toBeInTheDocument();

ΓÄ»ΓÄ»ΓÄ»ΓÄ»ΓÄ»ΓÄ»ΓÄ»ΓÄ»ΓÄ»ΓÄ»ΓÄ»ΓÄ»ΓÄ»ΓÄ»ΓÄ»ΓÄ»ΓÄ»ΓÄ»ΓÄ»ΓÄ»ΓÄ»ΓÄ»ΓÄ»ΓÄ»[1/3]ΓÄ»

 FAIL  src/components/chat/AssistantTurnCard.test.tsx > AssistantTurnCard browser artifact rendering > client does not display _screenshotDataUrl in visible text
TestingLibraryElementError: Found multiple elements with the text of: Assistant response

Here are the matching elements:

Ignored nodes: comments, script, style
<section
  aria-label="Assistant response"
  aria-live="off"
  class="assistant-answer-body"
  role="region"
>
  <div
    class="message-content"
  >
    Completed response.
  </div>
</section>

Ignored nodes: comments, script, style
<section
  aria-label="Assistant response"
  aria-live="off"
  class="assistant-answer-body"
  role="region"
>
  <div
    class="message-content"
  >
    Completed response.
  </div>
</section>

Ignored nodes: comments, script, style
<section
  aria-label="Assistant response"
  aria-live="off"
  class="assistant-answer-body"
  role="region"
>
  <div
    class="message-content"
  >
    Completed response.
  </div>
</section>

Ignored nodes: comments, script, style
<section
  aria-label="Assistant response"
  aria-live="off"
  class="assistant-answer-body"
  role="region"
>
  <div
    class="message-content"
  >
    Completed response.
  </div>
</section>

Ignored nodes: comments, script, style
<section
  aria-label="Assistant response"
  aria-live="off"
  class="assistant-answer-body"
  role="region"
>
  <div
    class="message-content"
  >
    Completed response.
  </div>
</section>

(If this is intentional, then use the `*AllBy*` variant of the query (like `queryAllByText`, `getAllByText`, or `findAllByText`)).

Ignored nodes: comments, script, style
<body>
  <div>
    <article
      aria-label="Assistant turn"
      class="assistant-turn-card status-done"
    >
      <header
        aria-atomic="true"
        aria-live="polite"
        class="turn-status-header"
        id="turn-status-turn-1"
        role="status"
      >
        <div
          class="turn-status-left"
        >
          <span
            aria-hidden="true"
            class="turn-status-icon status-done"
          />
          <span
            aria-hidden="true"
            class="turn-status-dot status-done"
          />
          <strong
            class="turn-status-actor"
          >
            Assistant
          </strong>
          <span
            aria-hidden="true"
            class="turn-status-divider"
          >
            ┬╖
          </span>
          <span
            class="turn-status-label status-done"
          >
            Done
          </span>
          <span
            class="sr-only"
          >
            Assistant status: 
            Done
          </span>
        </div>
      </header>
      <section
        aria-label="Reasoning summary"
        class="turn-collapsible-card"
      >
        <button
          aria-controls="reasoning-panel-turn-1"
          aria-expanded="false"
          class="turn-collapsible-toggle"
          id="reasoning-toggle-turn-1"
          type="button"
        >
          <span
            class="turn-collapsible-title-wrap"
          >
            <span
              class="turn-collapsible-title"
            >
              Reasoning
            </span>
          </span>
          <span
            aria-hidden="true"
            class="turn-caret"
          >
            Γû╛
          </span>
        </button>
        <div
          aria-labelledby="reasoning-toggle-turn-1"
          class="turn-collapsible-body"
          id="reasoning-panel-turn-1"
          role="region"
        >
          <div
            class="turn-collapsible-content"
          >
            <p
              class="turn-empty"
            >
              The assistant has not published reasoning updates yet.
            </p>
          </div>
        </div>
      </section>
      <section
        aria-label="Activity timeline"
        class="turn-collapsible-card"
      >
        <button
          aria-controls="activity-panel-turn-1"
          aria-expanded="false"
          class="turn-collapsible-toggle"
          id="activity-toggle-turn-1"
          type="button"
        >
          <span
            class="turn-collapsible-title-wrap"
          >
            <span
              class="turn-collapsible-title"
            >
              Activity
            </span>
          </span>
          <span
            aria-hidden="true"
            class="turn-caret"
          >
            Γû╛
          </span>
        </button>
        <div
          aria-labelledby="activity-toggle-turn-1"
          class="turn-collapsible-body"
          id="activity-panel-turn-1"
          role="region"
        >
          <div
            class="turn-collapsible-content"
          >
            <p
              class="turn-empty"
            >
              No activity has been recorded for this turn yet.
            </p>
          </div>
        </div>
      </section>
      <section
        aria-label="Assistant response"
        aria-live="off"
        class="assistant-answer-body"
        role="region"
      >
        <div
          class="message-content"
        >
          Completed response.
        </div>
      </section>
    </article>
  </div>
  <div>
    <article
      aria-label="Assistant turn"
      class="assistant-turn-card status-done"
    >
      <header
        aria-atomic="true"
        aria-live="polite"
        class="turn-status-header"
        id="turn-status-turn-1"
        role="status"
      >
        <div
          class="turn-status-left"
        >
          <span
            aria-hidden="true"
            class="turn-status-icon status-done"
          />
          <span
            aria-hidden="true"
            class="turn-status-dot status-done"
          />
          <strong
            class="turn-status-actor"
          >
            Assistant
          </strong>
          <span
            aria-hidden="true"
            class="turn-status-divider"
          >
            ┬╖
          </span>
          <span
            class="turn-status-label status-done"
          >
      ...
 Γ¥» Object.getElementError node_modules/@testing-library/dom/dist/config.js:37:19
 Γ¥» getElementError node_modules/@testing-library/dom/dist/query-helpers.js:20:35
 Γ¥» getMultipleElementsFoundError node_modules/@testing-library/dom/dist/query-helpers.js:23:10
 Γ¥» node_modules/@testing-library/dom/dist/query-helpers.js:55:13
 Γ¥» node_modules/@testing-library/dom/dist/query-helpers.js:95:19
 Γ¥» src/components/chat/AssistantTurnCard.test.tsx:204:32
    202|
    203|     // Ensure the raw base64 data is not visible in the main response ΓÇª
    204|     const mainContent = screen.getByLabelText("Assistant response");
       |                                ^
    205|     expect(mainContent).toBeInTheDocument();
    206|     // Check that the screenshot is rendered (not in error state)

ΓÄ»ΓÄ»ΓÄ»ΓÄ»ΓÄ»ΓÄ»ΓÄ»ΓÄ»ΓÄ»ΓÄ»ΓÄ»ΓÄ»ΓÄ»ΓÄ»ΓÄ»ΓÄ»ΓÄ»ΓÄ»ΓÄ»ΓÄ»ΓÄ»ΓÄ»ΓÄ»ΓÄ»[2/3]ΓÄ»

 FAIL  src/components/chat/AssistantTurnCard.test.tsx > AssistantTurnCard browser artifact rendering > fallback to artifact.url when _screenshotDataUrl not available
TestingLibraryElementError: Found multiple elements with the role "img"

Here are the matching elements:

Ignored nodes: comments, script, style
<img
  alt="Homepage screenshot"
  class="browser-artifact-preview"
  src="https://cdn.example.com/screenshot.png"
/>

Ignored nodes: comments, script, style
<img
  alt="Screenshot from data URL"
  class="browser-artifact-preview"
  src="data:image/png;base64,iVBORw0KGgoAAAANSUhEUgAAAAEAAAABCAYAAAAfFcSJAAAADUlEQVR42mNk+M9QDwADhgGAWjR9awAAAABJRU5ErkJggg=="
/>

Ignored nodes: comments, script, style
<img
  alt="Browser screenshot preview"
  class="browser-artifact-preview"
  src="data:image/png;base64,iVBORw0KGgoAAAANSUhEUgAAAAEAAAABCAYAAAAfFcSJAAAADUlEQVR42mNk+M9QDwADhgGAWjR9awAAAABJRU5ErkJggg=="
/>

Ignored nodes: comments, script, style
<img
  alt="Browser screenshot preview"
  class="browser-artifact-preview"
  src="https://cdn.example.com/screenshot.png"
/>

(If this is intentional, then use the `*AllBy*` variant of the query (like `queryAllByText`, `getAllByText`, or `findAllByText`)).

Ignored nodes: comments, script, style
<body>
  <div>
    <article
      aria-label="Assistant turn"
      class="assistant-turn-card status-done"
    >
      <header
        aria-atomic="true"
        aria-live="polite"
        class="turn-status-header"
        id="turn-status-turn-1"
        role="status"
      >
        <div
          class="turn-status-left"
        >
          <span
            aria-hidden="true"
            class="turn-status-icon status-done"
          />
          <span
            aria-hidden="true"
            class="turn-status-dot status-done"
          />
          <strong
            class="turn-status-actor"
          >
            Assistant
          </strong>
          <span
            aria-hidden="true"
            class="turn-status-divider"
          >
            ┬╖
          </span>
          <span
            class="turn-status-label status-done"
          >
            Done
          </span>
          <span
            class="sr-only"
          >
            Assistant status: 
            Done
          </span>
        </div>
      </header>
      <section
        aria-label="Reasoning summary"
        class="turn-collapsible-card"
      >
        <button
          aria-controls="reasoning-panel-turn-1"
          aria-expanded="false"
          class="turn-collapsible-toggle"
          id="reasoning-toggle-turn-1"
          type="button"
        >
          <span
            class="turn-collapsible-title-wrap"
          >
            <span
              class="turn-collapsible-title"
            >
              Reasoning
            </span>
          </span>
          <span
            aria-hidden="true"
            class="turn-caret"
          >
            Γû╛
          </span>
        </button>
        <div
          aria-labelledby="reasoning-toggle-turn-1"
          class="turn-collapsible-body"
          id="reasoning-panel-turn-1"
          role="region"
        >
          <div
            class="turn-collapsible-content"
          >
            <p
              class="turn-empty"
            >
              The assistant has not published reasoning updates yet.
            </p>
          </div>
        </div>
      </section>
      <section
        aria-label="Activity timeline"
        class="turn-collapsible-card"
      >
        <button
          aria-controls="activity-panel-turn-1"
          aria-expanded="false"
          class="turn-collapsible-toggle"
          id="activity-toggle-turn-1"
          type="button"
        >
          <span
            class="turn-collapsible-title-wrap"
          >
            <span
              class="turn-collapsible-title"
            >
              Activity
            </span>
          </span>
          <span
            aria-hidden="true"
            class="turn-caret"
          >
            Γû╛
          </span>
        </button>
        <div
          aria-labelledby="activity-toggle-turn-1"
          class="turn-collapsible-body"
          id="activity-panel-turn-1"
          role="region"
        >
          <div
            class="turn-collapsible-content"
          >
            <p
              class="turn-empty"
            >
              No activity has been recorded for this turn yet.
            </p>
          </div>
        </div>
      </section>
      <section
        aria-label="Assistant response"
        aria-live="off"
        class="assistant-answer-body"
        role="region"
      >
        <div
          class="message-content"
        >
          Completed response.
        </div>
      </section>
    </article>
  </div>
  <div>
    <article
      aria-label="Assistant turn"
      class="assistant-turn-card status-done"
    >
      <header
        aria-atomic="true"
        aria-live="polite"
        class="turn-status-header"
        id="turn-status-turn-1"
        role="status"
      >
        <div
          class="turn-status-left"
        >
          <span
            aria-hidden="true"
            class="turn-status-icon status-done"
          />
          <span
            aria-hidden="true"
            class="turn-status-dot status-done"
          />
          <strong
            class="turn-status-actor"
          >
            Assistant
          </strong>
          <span
            aria-hidden="true"
            class="turn-status-divider"
          >
            ┬╖
          </span>
          <span
            class="turn-status-label status-done"
          >
      ...
 Γ¥» Object.getElementError node_modules/@testing-library/dom/dist/config.js:37:19
 Γ¥» getElementError node_modules/@testing-library/dom/dist/query-helpers.js:20:35
 Γ¥» getMultipleElementsFoundError node_modules/@testing-library/dom/dist/query-helpers.js:23:10
 Γ¥» node_modules/@testing-library/dom/dist/query-helpers.js:55:13
 Γ¥» node_modules/@testing-library/dom/dist/query-helpers.js:95:19
 Γ¥» src/components/chat/AssistantTurnCard.test.tsx:246:19
    244|     );
    245|
    246|     expect(screen.getByRole("img")).toHaveAttribute(
       |                   ^
    247|       "src",
    248|       "https://cdn.example.com/screenshot.png"

ΓÄ»ΓÄ»ΓÄ»ΓÄ»ΓÄ»ΓÄ»ΓÄ»ΓÄ»ΓÄ»ΓÄ»ΓÄ»ΓÄ»ΓÄ»ΓÄ»ΓÄ»ΓÄ»ΓÄ»ΓÄ»ΓÄ»ΓÄ»ΓÄ»ΓÄ»ΓÄ»ΓÄ»[3/3]ΓÄ»


[2m Test Files [22m [1m[31m1 failed[39m[22m[90m (1)[39m
[2m      Tests [22m [1m[31m3 failed[39m[22m[2m | [22m[1m[32m3 passed[39m[22m[90m (6)[39m
[2m   Start at [22m 12:31:37
[2m   Duration [22m 6.29s[2m (transform 264ms, setup 0ms, import 862ms, tests 827ms, environment 4.05s)[22m

